2026-09-07 23:49:11,796 - INFO - Cleaning started for Data/Source\feb.xlsx
2026-09-07 23:49:12,177 - INFO - Cleaning completed for Data/Source\feb.xlsx
2026-09-07 23:49:12,254 - INFO - Saved cleaned file: Data/clean_files\feb_new.xlsx
2026-09-07 23:49:12,254 - INFO - Cleaning started for Data/Source\jan.xlsx
2026-09-07 23:49:12,260 - INFO - Cleaning completed for Data/Source\jan.xlsx
2026-09-07 23:49:12,273 - INFO - Saved cleaned file: Data/clean_files\jan_new.xlsx
2026-09-07 23:49:12,274 - INFO - Generating KPIs and charts
2026-09-07 23:49:12,903 - INFO - Charts and kpis generated successfully
2026-09-07 23:49:12,930 - INFO - Excel report created successfully
2026-09-07 23:49:13,262 - INFO - Data loaded into MySQL successfully
2026-09-07 23:49:13,262 - INFO - All files processed
2026-09-08 20:27:23,229 - INFO - Cleaning started for Data/Source\feb.xlsx
2026-09-08 20:27:23,572 - INFO - Cleaning completed for Data/Source\feb.xlsx
2026-09-08 20:27:23,648 - INFO - Saved cleaned file: Data/clean_files\feb_new.xlsx
2026-09-08 20:27:23,648 - INFO - Cleaning started for Data/Source\jan.xlsx
2026-09-08 20:27:23,654 - INFO - Cleaning completed for Data/Source\jan.xlsx
2026-09-08 20:27:23,667 - INFO - Saved cleaned file: Data/clean_files\jan_new.xlsx
2026-09-08 20:27:23,667 - INFO - Generating KPIs and charts
2026-09-08 20:27:24,213 - INFO - Charts and kpis generated successfully
2026-09-08 20:27:24,236 - INFO - Excel report created successfully
2026-09-08 20:27:24,777 - INFO - Data loaded into MySQL successfully
2026-09-08 20:27:24,777 - INFO - All files processed
